EXECUTION BY RATE
[ATT] for 100 units
[ATT] for 100 units
[ATT] for 100 units
[ATT] for 100 units
[ATT] for 100 units
[ATT] for 100 units
[ATT] for 100 units
[ATT] for 100 units
[ATT] for 8 units - F
[NAV] for 92 units
[NAV] for 92 units
[NAV] for 92 units
[NAV] for 92 units
[NAV] for 92 units
[NAV] for 92 units
[NAV] for 92 units
[NAV] for 92 units
[NAV] for 92 units
[NAV] for 92 units
[NAV] for 92 units
[NAV] for 92 units
[NAV] for 12 units - H
[ATT] for 80 units
[ATT] for 80 units
[ATT] for 80 units
[ATT] for 80 units
[ATT] for 80 units
[ATT] for 80 units
[ATT] for 80 units
[ATT] for 80 units
[ATT] for 8 units - F
[NAV] for 72 units
[NAV] for 72 units
[NAV] for 2 units - F
idle for 10 units
[ATT] for 60 units
[ATT] for 60 units
[ATT] for 60 units
[ATT] for 60 units
[ATT] for 60 units
[ATT] for 60 units
[ATT] for 60 units
[ATT] for 60 units
[ATT] for 8 units - F
idle for 2 units
[NAV] for 50 units
[NAV] for 50 units
[NAV] for 50 units
[NAV] for 50 units
[NAV] for 50 units
[NAV] for 50 units
[NAV] for 50 units
[NAV] for 50 units
[NAV] for 50 units
[NAV] for 50 units
[NAV] for 10 units - H
[ATT] for 40 units
[ATT] for 40 units
[ATT] for 40 units
[ATT] for 40 units
[ATT] for 40 units
[ATT] for 40 units
[ATT] for 40 units
[ATT] for 40 units
[ATT] for 8 units - F
[NAV] for 32 units
[NAV] for 32 units
[NAV] for 32 units
[NAV] for 32 units
[NAV] for 32 units
[NAV] for 5 units - F
idle for 7 units
[ATT] for 20 units
[ATT] for 20 units
[ATT] for 20 units
[ATT] for 20 units
[ATT] for 20 units
[ATT] for 20 units
[ATT] for 20 units
[ATT] for 20 units
[ATT] for 8 units - F
